// Vitest Snapshot v1, https://vitest.dev/guide/snapshot.html

exports[`GameTextBox > Check Snapshot 1`] = `"<input class=\\"game-text-box\\">"`;
